[2024-11-29 14:38:57] No username provided
[2024-11-29 14:39:12] No username provided
[2024-11-29 14:39:33] No username provided
